Time resolution is 1 ps
INPUT FILE OPENED SUCCESSFULLY
dec_out=0 int_out=0 data_out=0
dec_out=        0
dec_out=10278 int_out=0 data_out=10278
dec_out=    10278
dec_out=23868 int_out=0 data_out=23868
dec_out=    23868
dec_out=28654 int_out=0 data_out=28654
dec_out=    28654
dec_out=51925 int_out=0 data_out=-13611
dec_out=    51925
dec_out=31889 int_out=0 data_out=31889
dec_out=    31889
dec_out=283621 int_out=0 data_out=21477
dec_out=   283621
dec_out=804420 int_out=0 data_out=17988
dec_out=   804420
dec_out=1273737 int_out=0 data_out=28553
dec_out=  1273737
dec_out=1747875 int_out=0 data_out=-21597
dec_out=  1747875
dec_out=2194374 int_out=0 data_out=31686
dec_out=  2194374
dec_out=2620172 int_out=0 data_out=-1268
dec_out=  2620172
dec_out=3027531 int_out=0 data_out=12875
dec_out=  3027531
dec_out=3401772 int_out=0 data_out=-6100
dec_out=  3401772
dec_out=3738739 int_out=0 data_out=3187
dec_out=  3738739
dec_out=4034711 int_out=0 data_out=-28521
dec_out=  4034711
dec_out=4286503 int_out=0 data_out=26663
dec_out=  4286503
dec_out=4491372 int_out=0 data_out=-30612
dec_out=  4491372
dec_out=4646903 int_out=0 data_out=-6153
dec_out=  4646903
dec_out=4751594 int_out=0 data_out=-32534
dec_out=  4751594
dec_out=4804270 int_out=0 data_out=20142
dec_out=  4804270
dec_out=4804270 int_out=0 data_out=20142
dec_out=  4804270
dec_out=4751594 int_out=0 data_out=-32534
dec_out=  4751594
dec_out=4646903 int_out=0 data_out=-6153
dec_out=  4646903
dec_out=4491372 int_out=0 data_out=-30612
dec_out=  4491372
dec_out=4286503 int_out=0 data_out=26663
dec_out=  4286503
dec_out=4034711 int_out=0 data_out=-28521
dec_out=  4034711
dec_out=3738739 int_out=0 data_out=3187
dec_out=  3738739
dec_out=3401772 int_out=0 data_out=-6100
dec_out=  3401772
dec_out=3027531 int_out=0 data_out=12875
dec_out=  3027531
dec_out=2620172 int_out=0 data_out=-1268
dec_out=  2620172
dec_out=2184096 int_out=0 data_out=21408
dec_out=  2184096
dec_out=1724007 int_out=0 data_out=20071
dec_out=  1724007
dec_out=1245083 int_out=0 data_out=-101
dec_out=  1245083
dec_out=752495 int_out=0 data_out=31599
dec_out=   752495
dec_out=251732 int_out=0 data_out=-10412
dec_out=   251732
dec_out=-251732 int_out=0 data_out=10412
dec_out=  -251732
